\BOOKMARK [0][-]{section*.2}{\376\377\000C\000o\000p\000y\000r\000i\000g\000h\000t}{}% 1
\BOOKMARK [0][-]{section*.3}{\376\377\000E\000d\000i\000t\000o\000r\000'\000s\000\040\000P\000r\000e\000f\000a\000c\000e}{}% 2
\BOOKMARK [0][-]{section*.4}{\376\377\000F\000e\000r\000i\000a\000l\000\040\000H\000y\000m\000n\000s}{}% 3
\BOOKMARK [1][-]{figure.caption.5}{\376\377\000I\000n\000v\000i\000t\000a\000t\000o\000r\000y\000\040\000H\000y\000m\000n\000s}{section*.4}% 4
\BOOKMARK [1][-]{figure.caption.5}{\376\377\000S\000u\000m\000m\000e\000r\000\040\000H\000y\000m\000n\000s}{section*.4}% 5
\BOOKMARK [1][-]{figure.caption.5}{\376\377\000W\000i\000n\000t\000e\000r\000\040\000H\000y\000m\000n\000s}{section*.4}% 6
\BOOKMARK [0][-]{section*.6}{\376\377\000L\000i\000t\000u\000r\000g\000i\000c\000a\000l\000\040\000H\000y\000m\000n\000s}{}% 7
\BOOKMARK [1][-]{figure.caption.7}{\376\377\000O\000r\000d\000i\000n\000a\000r\000y\000\040\000o\000f\000\040\000t\000h\000e\000\040\000O\000f\000f\000i\000c\000e}{section*.6}% 8
\BOOKMARK [1][-]{figure.caption.7}{\376\377\000O\000f\000f\000i\000c\000e\000\040\000S\000e\000r\000v\000i\000c\000e}{section*.6}% 9
\BOOKMARK [1][-]{figure.caption.7}{\376\377\000G\000r\000e\000a\000t\000\040\000L\000i\000t\000a\000n\000y}{section*.6}% 10
\BOOKMARK [1][-]{figure.caption.7}{\376\377\000C\000o\000m\000m\000u\000n\000i\000o\000n\000\040\000S\000e\000r\000v\000i\000c\000e\000s}{section*.6}% 11
\BOOKMARK [1][-]{figure.caption.7}{\376\377\000C\000r\000e\000e\000d\000s}{section*.6}% 12
\BOOKMARK [1][-]{figure.caption.7}{\376\377\000S\000e\000q\000u\000e\000n\000c\000e\000s}{section*.6}% 13
\BOOKMARK [1][-]{figure.caption.7}{\376\377\000P\000a\000r\000a\000l\000i\000t\000u\000r\000g\000i\000c\000a\000l\000\040\000H\000y\000m\000n\000s}{section*.6}% 14
\BOOKMARK [0][-]{section*.8}{\376\377\000D\000e\000v\000o\000t\000i\000o\000n\000a\000l\000\040\000H\000y\000m\000n\000s}{}% 15
\BOOKMARK [0][-]{section*.10}{\376\377\000P\000r\000o\000p\000e\000r\000s\000\040\000o\000f\000\040\000t\000h\000e\000\040\000C\000h\000u\000r\000c\000h\000\040\000Y\000e\000a\000r}{}% 16
\BOOKMARK [1][-]{section*.12}{\376\377\000P\000r\000o\000p\000e\000r\000\040\000o\000f\000\040\000S\000e\000a\000s\000o\000n}{section*.10}% 17
\BOOKMARK [1][-]{section*.13}{\376\377\000P\000r\000o\000p\000e\000r\000\040\000o\000f\000\040\000S\000a\000i\000n\000t\000s}{section*.10}% 18
\BOOKMARK [0][-]{section*.14}{\376\377\000C\000o\000m\000m\000o\000n\000s\000\040\000o\000f\000\040\000t\000h\000e\000\040\000S\000a\000i\000n\000t\000s}{}% 19
\BOOKMARK [1][-]{figure.caption.15}{\376\377\000C\000o\000m\000m\000o\000n\000s\000\040\000f\000o\000r\000\040\000t\000h\000e\000\040\000A\000p\000o\000s\000t\000l\000e\000s}{section*.14}% 20
\BOOKMARK [1][-]{figure.caption.15}{\376\377\000C\000o\000m\000m\000o\000n\000s\000\040\000f\000o\000r\000\040\000a\000\040\000M\000a\000r\000t\000y\000r\000\040\000B\000i\000s\000h\000o\000p}{section*.14}% 21
\BOOKMARK [1][-]{figure.caption.15}{\376\377\000C\000o\000m\000m\000o\000n\000s\000\040\000f\000o\000r\000\040\000a\000\040\000M\000a\000r\000t\000y\000r}{section*.14}% 22
\BOOKMARK [1][-]{figure.caption.15}{\376\377\000C\000o\000m\000m\000o\000n\000s\000\040\000f\000o\000r\000\040\000M\000a\000n\000y\000\040\000M\000a\000r\000t\000y\000r\000s}{section*.14}% 23
\BOOKMARK [1][-]{figure.caption.15}{\376\377\000C\000o\000m\000m\000o\000n\000s\000\040\000f\000o\000r\000\040\000a\000\040\000M\000a\000r\000t\000y\000r\000\040\000o\000r\000\040\000M\000a\000n\000y\000\040\000M\000a\000r\000t\000y\000r\000s\000\040\000i\000n\000\040\000E\000a\000s\000t\000e\000r\000t\000i\000d\000e}{section*.14}% 24
\BOOKMARK [1][-]{figure.caption.15}{\376\377\000C\000o\000m\000m\000o\000n\000s\000\040\000f\000o\000r\000\040\000a\000\040\000C\000o\000n\000f\000e\000s\000s\000o\000r\000\040\000B\000i\000s\000h\000o\000p}{section*.14}% 25
\BOOKMARK [1][-]{figure.caption.15}{\376\377\000C\000o\000m\000m\000o\000n\000s\000\040\000f\000o\000r\000\040\000a\000\040\000C\000o\000n\000f\000e\000s\000s\000o\000r}{section*.14}% 26
\BOOKMARK [1][-]{figure.caption.15}{\376\377\000C\000o\000m\000m\000o\000n\000s\000\040\000f\000o\000r\000\040\000a\000\040\000V\000i\000r\000g\000i\000n\000\040\000M\000a\000r\000t\000y\000r\000e\000s\000s\000\040\000o\000r\000\040\000M\000a\000n\000y\000\040\000V\000i\000r\000g\000i\000n\000\040\000M\000a\000r\000t\000y\000r\000e\000s\000s\000e\000s}{section*.14}% 27
\BOOKMARK [1][-]{figure.caption.15}{\376\377\000C\000o\000m\000m\000o\000n\000s\000\040\000f\000o\000r\000\040\000a\000\040\000V\000i\000r\000g\000i\000n}{section*.14}% 28
\BOOKMARK [1][-]{figure.caption.15}{\376\377\000C\000o\000m\000m\000o\000n\000s\000\040\000f\000o\000r\000\040\000H\000o\000l\000y\000\040\000W\000o\000m\000e\000n\000\040\000n\000o\000t\000\040\000V\000i\000r\000g\000i\000n\000s}{section*.14}% 29
\BOOKMARK [1][-]{figure.caption.15}{\376\377\000C\000o\000m\000m\000o\000n\000s\000\040\000D\000e\000a\000r\000\040\000t\000o\000\040\000C\000h\000r\000i\000s\000t}{section*.14}% 30
\BOOKMARK [0][-]{section*.16}{\376\377\000H\000y\000m\000n\000\040\000I\000n\000d\000e\000x}{}% 31
